// Jest Snapshot v1, https://goo.gl/fbAQLP

exports[`Component renders correctly 1`] = `
<div
  id="login"
>
  <div
    class="container"
    style="padding-top: 10em;"
  >
    <div
      class="row"
    >
      <div
        class="col s12 m8 offset-m2"
      >
        <div
          class="login card-panel white blue-text center"
        >
          <h3>
            Login
          </h3>
           
          <form>
            <div
              class="input-field"
            >
              <i
                class="material-icons prefix"
              >
                email
              </i>
               
              <input
                id="email"
                name="email"
                placeholder="Email"
                type="text"
              />
            </div>
             
            <div
              class="input-field"
            >
              <i
                class="material-icons prefix"
              >
                lock
              </i>
               
              <input
                id="password"
                name="password"
                placeholder="Password"
                type="password"
              />
            </div>
             
            <button
              class="btn btn-large blue lighten-2 black-text"
              id="loginBtn"
            >
              Login
            </button>
             
            <router-link-stub
              event="click"
              id="resetPasswordBtn"
              style="margin-left: 50px;"
              tag="a"
              to="/resetPassword"
            >
              Forgot Password?
            </router-link-stub>
          </form>
        </div>
      </div>
    </div>
  </div>
</div>
`;
