// Jest Snapshot v1, https://goo.gl/fbAQLP

exports[`Component renders correctly 1`] = `
<div>
  <div
    class="container"
    style="padding-top: 10em;"
  >
    <div
      class="row"
    >
      <div
        class="col s12 m8 offset-m2"
      >
        <div
          class="login card-panel white blue-text center"
        >
          <h3>
            Register
          </h3>
           
          <form>
            <div
              class="input-field"
            >
              <i
                class="material-icons prefix"
              >
                email
              </i>
               
              <input
                id="email"
                name="email"
                placeholder="Email"
                required="required"
                type="text"
              />
            </div>
             
            <div
              class="input-field"
            >
              <i
                class="material-icons prefix"
              >
                lock
              </i>
               
              <input
                id="password"
                name="password"
                placeholder="Password"
                required="required"
                type="password"
              />
            </div>
             
            <div
              class="input-field"
            >
              <i
                class="material-icons prefix"
              >
                face
              </i>
               
              <input
                id="first"
                name="first"
                placeholder="Name"
                required="required"
                type="text"
              />
            </div>
             
            <div
              class="input-field"
            >
              <i
                class="material-icons prefix"
              >
                assignment
              </i>
               
              <input
                id="department"
                name="department"
                placeholder="Department"
                required="required"
                type="text"
              />
            </div>
             
            <div
              class="input-field"
            >
              <p
                style="margin-right: 100%;"
              >
                <i
                  class="material-icons prefix blue-text"
                  style="margin-left: 8px;"
                >
                  assignment_ind
                </i>
                 
                <label
                  style="border-bottom: 1px solid #9e9e9e;"
                >
                  <input
                    class="filled-in"
                    id="check"
                    style="margin-top: 10px;"
                    type="checkbox"
                  />
                   
                  <span
                    class="blue-text"
                    style="margin-top: 10px;"
                  >
                    Admin
                  </span>
                </label>
              </p>
            </div>
             
            <button
              class="btn btn-large blue lighten-2 black-text"
              id="registerBtn"
              style="margin-top: 70px;"
              type="submit"
            >
              Register
            </button>
          </form>
        </div>
      </div>
    </div>
  </div>
</div>
`;
